[d24q9vurymtq75.cloudfront.net/go-massage/index.html]
[backblue.gif]
[fade.gif]
[index.html]
[maxcdn.bootstrapcdn.com/font-awesome/4.7.0/css/font-awesome.min.css]
[cdnjs.cloudflare.com/ajax/libs/slick-carousel/1.6.0/slick.min.css]
[cdnjs.cloudflare.com/ajax/libs/slick-carousel/1.6.0/slick-theme.min.css]
[s3-ap-southeast-1.amazonaws.com/cdn.go-jek.com/dist/img/page/gomassage/favicon.png]
[www.google-analytics.com/analytics.js]
[s3-ap-southeast-1.amazonaws.com/cdn.go-jek.com/dist/img/gojek-logo.png]
[s3-ap-southeast-1.amazonaws.com/cdn.go-jek.com/dist/img/card/navigation/profile.png]
[s3-ap-southeast-1.amazonaws.com/cdn.go-jek.com/dist/img/card/navigation/bars.png]
[lelogama.go-jek.com/service_icon/gojek.png]
[s3-ap-southeast-1.amazonaws.com/cdn.go-jek.com/dist/img/card/navigation/arrow-forward.png]
[d3naj63yelf4gk.cloudfront.net/dist/img/header/hero/go-massage--mobile.jpg]
[s3-ap-southeast-1.amazonaws.com/cdn.go-jek.com/dist/img/page/gomassage/mitra/talent.jpg]
[s3-ap-southeast-1.amazonaws.com/cdn.go-jek.com/dist/img/page/gomassage/ourvalues-3.png]
[s3-ap-southeast-1.amazonaws.com/cdn.go-jek.com/dist/img/how-to/gomassage/1.jpg]
[s3-ap-southeast-1.amazonaws.com/cdn.go-jek.com/dist/img/how-to/gomassage/2.jpg]
[s3-ap-southeast-1.amazonaws.com/cdn.go-jek.com/dist/img/how-to/gomassage/3.jpg]
[s3-ap-southeast-1.amazonaws.com/cdn.go-jek.com/dist/img/how-to/gomassage/4.jpg]
[s3-ap-southeast-1.amazonaws.com/cdn.go-jek.com/dist/img/how-to/gomassage/5.jpg]
[s3-ap-southeast-1.amazonaws.com/cdn.go-jek.com/dist/img/how-to/gomassage/6.jpg]
[s3-ap-southeast-1.amazonaws.com/cdn.go-jek.com/dist/img/page/gomassage/service-1.jpg]
[s3-ap-southeast-1.amazonaws.com/cdn.go-jek.com/dist/img/page/gomassage/service-2.jpg]
[s3-ap-southeast-1.amazonaws.com/cdn.go-jek.com/dist/img/page/gomassage/service-3.jpg]
[s3-ap-southeast-1.amazonaws.com/cdn.go-jek.com/dist/img/page/gomassage/service-4.jpg]
[s3-ap-southeast-1.amazonaws.com/cdn.go-jek.com/dist/img/page/gomassage/service-5.jpg]
[s3-ap-southeast-1.amazonaws.com/cdn.go-jek.com/dist/img/page/gomassage/service-6.jpg]
[s3-ap-southeast-1.amazonaws.com/cdn.go-jek.com/dist/img/page/gomassage/service-7.jpg]
[s3-ap-southeast-1.amazonaws.com/cdn.go-jek.com/dist/img/page/gomassage/putri.jpg]
[s3-ap-southeast-1.amazonaws.com/cdn.go-jek.com/dist/img/page/gomassage/glen.jpg]
[s3-ap-southeast-1.amazonaws.com/cdn.go-jek.com/dist/img/page/gomassage/sisie-rename.jpg]
[d1o6t6wdv45461.cloudfront.net/s4/dev/58bfc9ada2e59.jpg]
[d1o6t6wdv45461.cloudfront.net/s4/dev/5899694a81be0.jpg]
[d1o6t6wdv45461.cloudfront.net/s4/dev/588b106b4acb7.jpg]
[d1o6t6wdv45461.cloudfront.net/s4/dev/58610d9510c60.jpg]
[d1o6t6wdv45461.cloudfront.net/s4/dev/58453ebb02c36.jpg]
[d1o6t6wdv45461.cloudfront.net/s4/dev/DgcWBP8am9oKuYZy5dAa.jpg]
[cdnjs.cloudflare.com/ajax/libs/jquery/2.2.4/jquery.min.js]
[cdnjs.cloudflare.com/ajax/libs/jqueryui/1.12.1/jquery-ui.min.js]
[cdnjs.cloudflare.com/ajax/libs/slick-carousel/1.6.0/slick.min.js]
[s3-ap-southeast-1.amazonaws.com/cdn.go-jek.com/dist/scripts/moment.js]
[s3-ap-southeast-1.amazonaws.com/cdn.go-jek.com/dist/scripts/moment-id.js]
[s3-ap-southeast-1.amazonaws.com/cdn.go-jek.com/dist/scripts/main.js]
[d24q9vurymtq75.cloudfront.net/go-massage/index.html]
[s3-ap-southeast-1.amazonaws.com/cdn.go-jek.com/dist/styles/bin/pure-min.css]
[maxcdn.bootstrapcdn.com/font-awesome/4.7.0/css/font-awesome.min.css]
[s3-ap-southeast-1.amazonaws.com/cdn.go-jek.com/dist/styles/bin/grids-responsive-min.css]
[cdnjs.cloudflare.com/ajax/libs/slick-carousel/1.6.0/slick.min.css]
[cdnjs.cloudflare.com/ajax/libs/slick-carousel/1.6.0/ajax-loader.gif]
[cdnjs.cloudflare.com/ajax/libs/slick-carousel/1.6.0/fonts/slick.eot]
[cdnjs.cloudflare.com/ajax/libs/slick-carousel/1.6.0/fonts/slickd41d.eot]
[cdnjs.cloudflare.com/ajax/libs/slick-carousel/1.6.0/fonts/slick.woff]
[cdnjs.cloudflare.com/ajax/libs/slick-carousel/1.6.0/fonts/slick.ttf]
[cdnjs.cloudflare.com/ajax/libs/slick-carousel/1.6.0/fonts/slick.svg]
[cdnjs.cloudflare.com/ajax/libs/slick-carousel/1.6.0/slick-theme.min.css]
[s3-ap-southeast-1.amazonaws.com/cdn.go-jek.com/dist/styles/Main.css]
[www.googletagmanager.com/gtm5445.html]
[d24q9vurymtq75.cloudfront.net/go-massage/linkid.html]
[d24q9vurymtq75.cloudfront.net/static/dist/img/card/how-to-use/bitmap.html]
[d24q9vurymtq75.cloudfront.net/static/dist/img/card/how-to-use/phone.html]
[cdnjs.cloudflare.com/ajax/libs/slick-carousel/1.6.0/fonts/slick.svg]
[www.go-massage.co.id/assets/gomassage/img/logo-tia.png]
[www.go-massage.co.id/assets/gomassage/img/logo-cnn.png]
[www.go-massage.co.id/assets/gomassage/img/logo-detik.jpg]
[www.go-massage.co.id/assets/gomassage/img/logo-fd.png]
[www.go-massage.co.id/assets/gomassage/img/logo-liputan6.png]
[www.go-massage.co.id/assets/gomassage/img/logo-antara.png]
[www.go-massage.co.id/assets/gomassage/img/logo-rol.png]
[www.go-massage.co.id/assets/gomassage/img/logo-viva.png]
[www.go-massage.co.id/assets/gomassage/img/logo-beritasatu.png]
